
> lysiane-brand-website@1.0.0 build
> nuxt build

[90m[32mNuxt [1m3.9.0[22m[90m with Nitro [1m2.8.1[22m[39m
node.exe : 
Au caractère Ligne:1 
: 1
+ & "C:\Program Files\
nodejs/node.exe" 
"C:\Program 
Files\nodejs/node_mo 
...
+ ~~~~~~~~~~~~~~~~~~~~
~~~~~~~~~~~~~~~~~~~~~~
~~~~~~~~~~~~~~~~~~~~~~
~~~~~
    + CategoryInfo    
          : NotSpeci  
  fied: (:String) [   
 ], RemoteExceptio    
n
    + FullyQualifiedE 
   rrorId : NativeCo  
  mmandError
 
[41m[30m ERROR 
[39m[49m 
(node:5276) [DEP0180] 
DeprecationWarning: 
fs.Stats constructor 
is deprecated.
(Use [36mnode 
--trace-deprecation 
...[39m to show 
where the warning was 
created)

[90m[[90mnuxt:tailwindcss[90m][39m [36mÔä╣[39m Using default Tailwind CSS file

[43m[30m WARN 
[39m[49m 
Browserslist: 
caniuse-lite is 
outdated. Please run:
  npx update-browsersl
ist-db@latest
  Why you should do 
it regularly: https://
github.com/browserslis
t/update-db#readme

[36mÔä╣[39m Building client...
[36mÔä╣[39m [36mvite v5.0.10 [32mbuilding for production...[36m[39m
[36mÔä╣[39m transforming...
[36mÔä╣[39m [32mÔ£ô[39m 158 modules transformed.
[32mInspect report generated at[39m [2mC:/Users/nblum/LLM_LAB/PROJETS/lysiane_psy/.nuxt/analyze/.vite-inspect[22m

[41m[30m ERROR 
[39m[49m 
[31m[vite:css] 
[postcss] C:/Users/nbl
um/LLM_LAB/PROJETS/lys
iane_psy/components/Ap
pHeader.vue?vue&type=s
tyle&index=0&scoped=cf
616ff3&lang.postcss:39
:5: The [36mbg-sunset
-orange[39m class 
does not exist. If [3
6mbg-sunset-orange[39
m is a custom class, 
make sure it is 
defined within a 
[36m@layer[39m 
directive.[39m
file: [36mC:/Users/nb
lum/LLM_LAB/PROJETS/ly
siane_psy/components/A
ppHeader.vue?vue&type=
style&index=0&scoped=c
f616ff3&lang.postcss:3
9:4[39m


[41m[30m ERROR 
[39m[49m Nuxt Build 
Error: [postcss] C:/Us
ers/nblum/LLM_LAB/PROJ
ETS/lysiane_psy/compon
ents/AppHeader.vue?vue
&type=style&index=0&sc
oped=cf616ff3&lang.pos
tcss:39:5: The [36mbg
-sunset-orange[39m 
class does not exist. 
If [36mbg-sunset-oran
ge[39m is a custom 
class, make sure it 
is defined within a 
[36m@layer[39m 
directive.

  [90mat 
[39mInput.error ([36
mnode_modules\postcss\
lib\input.js:106:16[3
9m)
  [90mat 
[39mAtRule.error ([3
6mnode_modules\postcss
\lib\node.js:115:32[3
9m)
  [90mat 
[39mprocessApply ([3
6mnode_modules\tailwin
dcss\lib\lib\expandApp
lyAtRules.js:380:29[3
9m)
  [90mat [39mnode_mo
dules\tailwindcss\lib\
lib\expandApplyAtRules
.js:538:9
  [90mat [39mnode_mo
dules\tailwindcss\lib\
processTailwindFeature
s.js:57:50
  [90mat [39masync 
plugins ([36mnode_mod
ules\tailwindcss\lib\p
lugin.js:38:17[39m)
  [90mat [39masync 
LazyResult.runAsync (
[36mnode_modules\postc
ss\lib\lazy-result.js:
261:11[39m)
  [90mat [39masync 
compileCSS ([36m/C:/U
sers/nblum/LLM_LAB/PRO
JETS/lysiane_psy/node_
modules/vite/dist/node
/chunks/dep-R0I0XnyH.j
s:39982:25[39m)
  [90mat [39masync 
Object.transform ([36
m/C:/Users/nblum/LLM_L
AB/PROJETS/lysiane_psy
/node_modules/vite/dis
t/node/chunks/dep-R0I0
XnyH.js:39355:56[39m)
  [90mat [39masync /
C:/Users/nblum/LLM_LAB
/PROJETS/lysiane_psy/n
ode_modules/vite-plugi
n-inspect/dist/index.m
js:376:17

